============================================================
  Generated by:           Genus(TM) Synthesis Solution 22.17-s071_1
  Generated on:           May 06 2026  05:15:24 pm
  Module:                 risc_cpu
  Operating conditions:   slow (balanced_tree)
  Wireload mode:          enclosed
  Area mode:              timing library
============================================================

                               
   Gate    Instances    Area     Library   
-------------------------------------------
AND2X1             2     2.736    slow_1v0 
AND2XL             1     1.368    slow_1v0 
AOI211XL           1     2.052    slow_1v0 
AOI21X1           14    23.940    slow_1v0 
AOI221X1           1     2.394    slow_1v0 
AOI22X1          152   311.904    slow_1v0 
AOI32X1            3     7.182    slow_1v0 
DFFHQX1           24   131.328    slow_1v0 
INVX1             62    42.408    slow_1v0 
MX2X1              5    11.970    slow_1v0 
MXI2XL             3     7.182    slow_1v0 
NAND2BX1          13    17.784    slow_1v0 
NAND2X1           38    38.988    slow_1v0 
NAND3BXL           5     8.550    slow_1v0 
NAND3X1            1     1.710    slow_1v0 
NAND4XL           32    54.720    slow_1v0 
NOR2BX1           11    15.048    slow_1v0 
NOR2X1            73    74.898    slow_1v0 
NOR3X1             2     3.420    slow_1v0 
NOR4X1             3     5.130    slow_1v0 
OA22X1             2     4.788    slow_1v0 
OAI211X1           5     8.550    slow_1v0 
OAI21X1            2     3.420    slow_1v0 
OAI221X1           1     2.394    slow_1v0 
OAI222X1           7    19.152    slow_1v0 
OAI22X1            3     6.156    slow_1v0 
OAI2BB1X1          5     8.550    slow_1v0 
OAI31X1            1     2.052    slow_1v0 
OR2X1              3     4.104    slow_1v0 
OR4X1              9    18.468    slow_1v0 
SDFFQX1          256  1926.144    slow_1v0 
TBUFX2            16    60.192    slow_1v0 
XNOR2X1            1     2.394    slow_1v0 
-------------------------------------------
total            757  2831.076             


                                         
     Type      Instances   Area   Area % 
-----------------------------------------
sequential           280 2057.472   72.7 
inverter              62   42.408    1.5 
tristate              16   60.192    2.1 
logic                399  671.004   23.7 
physical_cells         0    0.000    0.0 
-----------------------------------------
total                757 2831.076  100.0 

