============================================================
  Generated by:           Genus(TM) Synthesis Solution 22.17-s071_1
  Generated on:           May 06 2026  05:15:24 pm
  Module:                 risc_cpu
  Operating conditions:   slow (balanced_tree)
  Wireload mode:          enclosed
  Area mode:              timing library
============================================================

Timing
--------

Clock  Period 
--------------
clk   10000.0 


  Cost    Critical         Violating 
 Group   Path Slack  TNS     Paths   
-------------------------------------
clk          4235.6   0.0          0 
default    No paths   0.0            
-------------------------------------
Total                 0.0          0 

Instance Count
--------------
Leaf Instance Count             757 
Physical Instance count           0 
Sequential Instance Count       280 
Combinational Instance Count    477 
Hierarchical Instance Count       0 

Area
----
Cell Area                          2831.076
Physical Cell Area                 0.000
Total Cell Area (Cell+Physical)    2831.076
Net Area                           0.000
Total Area (Cell+Physical+Net)     2831.076

Max Fanout                         280 (clk)
Min Fanout                         1 (u_mem_mem[addr][0])
Average Fanout                     3.3
Terms to net ratio                 4.2836
Terms to instance ratio            4.2497
Runtime                            32.417153 seconds
Elapsed Runtime                    76 seconds
Genus peak memory usage            1617.93 
Innovus peak memory usage          no_value 
Hostname                           vlsiktmt.tailff29c4.ts.net
