============================================================
  Generated by:           Genus(TM) Synthesis Solution 22.17-s071_1
  Generated on:           May 06 2026  05:15:24 pm
  Module:                 risc_cpu
  Operating conditions:   slow (balanced_tree)
  Wireload mode:          enclosed
  Area mode:              timing library
============================================================


Path 1: MET (4236 ps) Setup Check with Pin u_pc_pc_out_reg[3]/CK->D
          Group: clk
     Startpoint: (F) rst
          Clock: (R) clk
       Endpoint: (R) u_pc_pc_out_reg[3]/D
          Clock: (R) clk

                     Capture       Launch     
        Clock Edge:+   10000            0     
        Drv Adjust:+       0            0     
       Src Latency:+       0            0     
       Net Latency:+       0 (I)        0 (I) 
           Arrival:=   10000            0     
                                              
             Setup:-     116                  
     Required Time:=    9884                  
      Launch Clock:-       0                  
       Input Delay:-    5000                  
         Data Path:-     648                  
             Slack:=    4236                  

Exceptions/Constraints:
  input_delay             5000            risc_cpu_gate.sdc_line_8 

#---------------------------------------------------------------------------------------------
#    Timing Point      Flags   Arc   Edge   Cell     Fanout Load Trans Delay Arrival Instance 
#                                                           (fF)  (ps)  (ps)   (ps)  Location 
#---------------------------------------------------------------------------------------------
  rst                  -       -     F     (arrival)     11  9.8     0     0    5000    (-,-) 
  drc_bufs3676/Y       -       A->Y  R     INVX1          5  4.0    68    36    5036    (-,-) 
  drc_bufs3675/Y       -       A->Y  F     INVX1         12 10.4   181   119    5154    (-,-) 
  g3156__6260/Y        -       C0->Y R     AOI211XL       3  2.3   260   188    5342    (-,-) 
  g3153__2398/Y        -       C->Y  F     NAND3X1        3  2.7   200   186    5529    (-,-) 
  g3121__5107/Y        -       A2->Y R     OAI31X1        1  0.7   106   120    5648    (-,-) 
  u_pc_pc_out_reg[3]/D -       -     R     DFFHQX1        1    -     -     0    5648    (-,-) 
#---------------------------------------------------------------------------------------------



Path 2: MET (4248 ps) Setup Check with Pin u_pc_pc_out_reg[4]/CK->D
          Group: clk
     Startpoint: (F) rst
          Clock: (R) clk
       Endpoint: (R) u_pc_pc_out_reg[4]/D
          Clock: (R) clk

                     Capture       Launch     
        Clock Edge:+   10000            0     
        Drv Adjust:+       0            0     
       Src Latency:+       0            0     
       Net Latency:+       0 (I)        0 (I) 
           Arrival:=   10000            0     
                                              
             Setup:-     110                  
     Required Time:=    9890                  
      Launch Clock:-       0                  
       Input Delay:-    5000                  
         Data Path:-     642                  
             Slack:=    4248                  

Exceptions/Constraints:
  input_delay             5000            risc_cpu_gate.sdc_line_8 

#---------------------------------------------------------------------------------------------
#    Timing Point      Flags   Arc   Edge   Cell     Fanout Load Trans Delay Arrival Instance 
#                                                           (fF)  (ps)  (ps)   (ps)  Location 
#---------------------------------------------------------------------------------------------
  rst                  -       -     F     (arrival)     11  9.8     0     0    5000    (-,-) 
  drc_bufs3676/Y       -       A->Y  R     INVX1          5  4.0    68    36    5036    (-,-) 
  drc_bufs3675/Y       -       A->Y  F     INVX1         12 10.4   181   119    5154    (-,-) 
  g3156__6260/Y        -       C0->Y R     AOI211XL       3  2.3   260   188    5342    (-,-) 
  g3153__2398/Y        -       C->Y  F     NAND3X1        3  2.7   200   186    5529    (-,-) 
  g3117__6417/Y        -       A1->Y R     OAI211X1       1  0.7    88   113    5642    (-,-) 
  u_pc_pc_out_reg[4]/D -       -     R     DFFHQX1        1    -     -     0    5642    (-,-) 
#---------------------------------------------------------------------------------------------



Path 3: MET (4248 ps) Setup Check with Pin u_pc_pc_out_reg[2]/CK->D
          Group: clk
     Startpoint: (F) rst
          Clock: (R) clk
       Endpoint: (R) u_pc_pc_out_reg[2]/D
          Clock: (R) clk

                     Capture       Launch     
        Clock Edge:+   10000            0     
        Drv Adjust:+       0            0     
       Src Latency:+       0            0     
       Net Latency:+       0 (I)        0 (I) 
           Arrival:=   10000            0     
                                              
             Setup:-     110                  
     Required Time:=    9890                  
      Launch Clock:-       0                  
       Input Delay:-    5000                  
         Data Path:-     642                  
             Slack:=    4248                  

Exceptions/Constraints:
  input_delay             5000            risc_cpu_gate.sdc_line_8 

#---------------------------------------------------------------------------------------------
#    Timing Point      Flags   Arc   Edge   Cell     Fanout Load Trans Delay Arrival Instance 
#                                                           (fF)  (ps)  (ps)   (ps)  Location 
#---------------------------------------------------------------------------------------------
  rst                  -       -     F     (arrival)     11  9.8     0     0    5000    (-,-) 
  drc_bufs3676/Y       -       A->Y  R     INVX1          5  4.0    68    36    5036    (-,-) 
  drc_bufs3675/Y       -       A->Y  F     INVX1         12 10.4   181   119    5154    (-,-) 
  g3156__6260/Y        -       C0->Y R     AOI211XL       3  2.3   260   188    5342    (-,-) 
  g3153__2398/Y        -       C->Y  F     NAND3X1        3  2.7   200   186    5529    (-,-) 
  g3122__6260/Y        -       A1->Y R     OAI211X1       1  0.7    88   113    5642    (-,-) 
  u_pc_pc_out_reg[2]/D -       -     R     DFFHQX1        1    -     -     0    5642    (-,-) 
#---------------------------------------------------------------------------------------------



Path 4: MET (4317 ps) Setup Check with Pin u_pc_pc_out_reg[1]/CK->D
          Group: clk
     Startpoint: (F) rst
          Clock: (R) clk
       Endpoint: (R) u_pc_pc_out_reg[1]/D
          Clock: (R) clk

                     Capture       Launch     
        Clock Edge:+   10000            0     
        Drv Adjust:+       0            0     
       Src Latency:+       0            0     
       Net Latency:+       0 (I)        0 (I) 
           Arrival:=   10000            0     
                                              
             Setup:-      96                  
     Required Time:=    9904                  
      Launch Clock:-       0                  
       Input Delay:-    5000                  
         Data Path:-     588                  
             Slack:=    4317                  

Exceptions/Constraints:
  input_delay             5000            risc_cpu_gate.sdc_line_8 

#---------------------------------------------------------------------------------------------
#    Timing Point      Flags   Arc   Edge   Cell     Fanout Load Trans Delay Arrival Instance 
#                                                           (fF)  (ps)  (ps)   (ps)  Location 
#---------------------------------------------------------------------------------------------
  rst                  -       -     F     (arrival)     11  9.8     0     0    5000    (-,-) 
  drc_bufs3676/Y       -       A->Y  R     INVX1          5  4.0    68    36    5036    (-,-) 
  drc_bufs3675/Y       -       A->Y  F     INVX1         12 10.4   181   119    5154    (-,-) 
  g3156__6260/Y        -       C0->Y R     AOI211XL       3  2.3   260   188    5342    (-,-) 
  g3142__4733/Y        -       C->Y  F     NAND3BXL       1  0.9   169   169    5511    (-,-) 
  g3130__3680/Y        -       B->Y  R     NAND2X1        1  0.7    42    76    5588    (-,-) 
  u_pc_pc_out_reg[1]/D -       -     R     DFFHQX1        1    -     -     0    5588    (-,-) 
#---------------------------------------------------------------------------------------------



Path 5: MET (4362 ps) Setup Check with Pin u_pc_pc_out_reg[0]/CK->D
          Group: clk
     Startpoint: (F) rst
          Clock: (R) clk
       Endpoint: (R) u_pc_pc_out_reg[0]/D
          Clock: (R) clk

                     Capture       Launch     
        Clock Edge:+   10000            0     
        Drv Adjust:+       0            0     
       Src Latency:+       0            0     
       Net Latency:+       0 (I)        0 (I) 
           Arrival:=   10000            0     
                                              
             Setup:-     118                  
     Required Time:=    9882                  
      Launch Clock:-       0                  
       Input Delay:-    5000                  
         Data Path:-     520                  
             Slack:=    4362                  

Exceptions/Constraints:
  input_delay             5000            risc_cpu_gate.sdc_line_8 

#---------------------------------------------------------------------------------------------
#    Timing Point      Flags   Arc   Edge   Cell     Fanout Load Trans Delay Arrival Instance 
#                                                           (fF)  (ps)  (ps)   (ps)  Location 
#---------------------------------------------------------------------------------------------
  rst                  -       -     F     (arrival)     11  9.8     0     0    5000    (-,-) 
  drc_bufs3676/Y       -       A->Y  R     INVX1          5  4.0    68    36    5036    (-,-) 
  drc_bufs3675/Y       -       A->Y  F     INVX1         12 10.4   181   119    5154    (-,-) 
  g3156__6260/Y        -       C0->Y R     AOI211XL       3  2.3   260   188    5342    (-,-) 
  g3154/Y              -       A->Y  F     INVX1          1  0.9    59   113    5455    (-,-) 
  g3136__8246/Y        -       B1->Y R     OAI221X1       1  0.7   114    65    5520    (-,-) 
  u_pc_pc_out_reg[0]/D -       -     R     DFFHQX1        1    -     -     0    5520    (-,-) 
#---------------------------------------------------------------------------------------------



Path 6: MET (4400 ps) Late External Delay Assertion at pin halt
          Group: clk
     Startpoint: (R) u_ir_data_out_reg[5]/CK
          Clock: (R) clk
       Endpoint: (R) halt
          Clock: (R) clk

                     Capture       Launch     
        Clock Edge:+   10000            0     
       Src Latency:+       0            0     
       Net Latency:+       0 (I)        0 (I) 
           Arrival:=   10000            0     
                                              
      Output Delay:-    5000                  
     Required Time:=    5000                  
      Launch Clock:-       0                  
         Data Path:-     600                  
             Slack:=    4400                  

Exceptions/Constraints:
  output_delay             5000            risc_cpu_gate.sdc_line_9 

#------------------------------------------------------------------------------------------------
#      Timing Point       Flags   Arc   Edge   Cell     Fanout Load Trans Delay Arrival Instance 
#                                                              (fF)  (ps)  (ps)   (ps)  Location 
#------------------------------------------------------------------------------------------------
  u_ir_data_out_reg[5]/CK -       -     R     (arrival)    280    -     0     0       0    (-,-) 
  u_ir_data_out_reg[5]/Q  -       CK->Q F     DFFHQX1       13 10.7   189   313     313    (-,-) 
  g1495__1666/Y           -       A->Y  F     OR2X1          9  7.2   139   208     521    (-,-) 
  g1490__6161/Y           -       D->Y  R     NOR4X1         1  0.0    97    79     600    (-,-) 
  halt                    -       -     R     (port)         -    -     -     0     600    (-,-) 
#------------------------------------------------------------------------------------------------



Path 7: MET (4661 ps) Setup Check with Pin u_ir_data_out_reg[7]/CK->D
          Group: clk
     Startpoint: (F) rst
          Clock: (R) clk
       Endpoint: (R) u_ir_data_out_reg[7]/D
          Clock: (R) clk

                     Capture       Launch     
        Clock Edge:+   10000            0     
        Drv Adjust:+       0            0     
       Src Latency:+       0            0     
       Net Latency:+       0 (I)        0 (I) 
           Arrival:=   10000            0     
                                              
             Setup:-     100                  
     Required Time:=    9900                  
      Launch Clock:-       0                  
       Input Delay:-    5000                  
         Data Path:-     239                  
             Slack:=    4661                  

Exceptions/Constraints:
  input_delay             5000            risc_cpu_gate.sdc_line_8 

#-----------------------------------------------------------------------------------------------
#     Timing Point       Flags   Arc   Edge   Cell     Fanout Load Trans Delay Arrival Instance 
#                                                             (fF)  (ps)  (ps)   (ps)  Location 
#-----------------------------------------------------------------------------------------------
  rst                    -       -     F     (arrival)     11  9.8     0     0    5000    (-,-) 
  drc_bufs3676/Y         -       A->Y  R     INVX1          5  4.0    68    36    5036    (-,-) 
  drc_bufs3675/Y         -       A->Y  F     INVX1         12 10.4   181   119    5154    (-,-) 
  g3517__6417/Y          -       B->Y  R     NOR2X1         1  0.7    56    85    5239    (-,-) 
  u_ir_data_out_reg[7]/D -       -     R     DFFHQX1        1    -     -     0    5239    (-,-) 
#-----------------------------------------------------------------------------------------------



Path 8: MET (4661 ps) Setup Check with Pin u_ir_data_out_reg[4]/CK->D
          Group: clk
     Startpoint: (F) rst
          Clock: (R) clk
       Endpoint: (R) u_ir_data_out_reg[4]/D
          Clock: (R) clk

                     Capture       Launch     
        Clock Edge:+   10000            0     
        Drv Adjust:+       0            0     
       Src Latency:+       0            0     
       Net Latency:+       0 (I)        0 (I) 
           Arrival:=   10000            0     
                                              
             Setup:-     100                  
     Required Time:=    9900                  
      Launch Clock:-       0                  
       Input Delay:-    5000                  
         Data Path:-     239                  
             Slack:=    4661                  

Exceptions/Constraints:
  input_delay             5000            risc_cpu_gate.sdc_line_8 

#-----------------------------------------------------------------------------------------------
#     Timing Point       Flags   Arc   Edge   Cell     Fanout Load Trans Delay Arrival Instance 
#                                                             (fF)  (ps)  (ps)   (ps)  Location 
#-----------------------------------------------------------------------------------------------
  rst                    -       -     F     (arrival)     11  9.8     0     0    5000    (-,-) 
  drc_bufs3676/Y         -       A->Y  R     INVX1          5  4.0    68    36    5036    (-,-) 
  drc_bufs3675/Y         -       A->Y  F     INVX1         12 10.4   181   119    5154    (-,-) 
  g3520__5107/Y          -       B->Y  R     NOR2X1         1  0.7    56    85    5239    (-,-) 
  u_ir_data_out_reg[4]/D -       -     R     DFFHQX1        1    -     -     0    5239    (-,-) 
#-----------------------------------------------------------------------------------------------



Path 9: MET (4661 ps) Setup Check with Pin u_ir_data_out_reg[1]/CK->D
          Group: clk
     Startpoint: (F) rst
          Clock: (R) clk
       Endpoint: (R) u_ir_data_out_reg[1]/D
          Clock: (R) clk

                     Capture       Launch     
        Clock Edge:+   10000            0     
        Drv Adjust:+       0            0     
       Src Latency:+       0            0     
       Net Latency:+       0 (I)        0 (I) 
           Arrival:=   10000            0     
                                              
             Setup:-     100                  
     Required Time:=    9900                  
      Launch Clock:-       0                  
       Input Delay:-    5000                  
         Data Path:-     239                  
             Slack:=    4661                  

Exceptions/Constraints:
  input_delay             5000            risc_cpu_gate.sdc_line_8 

#-----------------------------------------------------------------------------------------------
#     Timing Point       Flags   Arc   Edge   Cell     Fanout Load Trans Delay Arrival Instance 
#                                                             (fF)  (ps)  (ps)   (ps)  Location 
#-----------------------------------------------------------------------------------------------
  rst                    -       -     F     (arrival)     11  9.8     0     0    5000    (-,-) 
  drc_bufs3676/Y         -       A->Y  R     INVX1          5  4.0    68    36    5036    (-,-) 
  drc_bufs3675/Y         -       A->Y  F     INVX1         12 10.4   181   119    5154    (-,-) 
  g3518__5477/Y          -       B->Y  R     NOR2X1         1  0.7    56    85    5239    (-,-) 
  u_ir_data_out_reg[1]/D -       -     R     DFFHQX1        1    -     -     0    5239    (-,-) 
#-----------------------------------------------------------------------------------------------



Path 10: MET (4661 ps) Setup Check with Pin u_ir_data_out_reg[0]/CK->D
          Group: clk
     Startpoint: (F) rst
          Clock: (R) clk
       Endpoint: (R) u_ir_data_out_reg[0]/D
          Clock: (R) clk

                     Capture       Launch     
        Clock Edge:+   10000            0     
        Drv Adjust:+       0            0     
       Src Latency:+       0            0     
       Net Latency:+       0 (I)        0 (I) 
           Arrival:=   10000            0     
                                              
             Setup:-     100                  
     Required Time:=    9900                  
      Launch Clock:-       0                  
       Input Delay:-    5000                  
         Data Path:-     239                  
             Slack:=    4661                  

Exceptions/Constraints:
  input_delay             5000            risc_cpu_gate.sdc_line_8 

#-----------------------------------------------------------------------------------------------
#     Timing Point       Flags   Arc   Edge   Cell     Fanout Load Trans Delay Arrival Instance 
#                                                             (fF)  (ps)  (ps)   (ps)  Location 
#-----------------------------------------------------------------------------------------------
  rst                    -       -     F     (arrival)     11  9.8     0     0    5000    (-,-) 
  drc_bufs3676/Y         -       A->Y  R     INVX1          5  4.0    68    36    5036    (-,-) 
  drc_bufs3675/Y         -       A->Y  F     INVX1         12 10.4   181   119    5154    (-,-) 
  g3515__1666/Y          -       B->Y  R     NOR2X1         1  0.7    56    85    5239    (-,-) 
  u_ir_data_out_reg[0]/D -       -     R     DFFHQX1        1    -     -     0    5239    (-,-) 
#-----------------------------------------------------------------------------------------------

