                          CONFORMAL (R)
                   Version 24.10-s300 (06-Dec-2024) (64 bit executable)
   Copyright (c) Cadence Design Systems, Inc., 1997-2024. All Rights Reserved


This program is proprietary and confidential information belonging to
Cadence Design Systems, Inc., and may be used and disclosed only as authorized
in a license agreement controlling such use and disclosure.

// Warning: This version is 515 days old. You can download the latest version from http://downloads.cadence.com.

0
CPU time     : 0.70    seconds
Elapse time  : 73      seconds
Memory usage : 69.66   M bytes
// Command: read_library /data/cc03group4/vlsi/Assignment/synthesis/Genus_BoundFlasher/LIB/slow.lib -lib -revised
// Parsing file /data/cc03group4/vlsi/Assignment/synthesis/Genus_BoundFlasher/LIB/slow.lib ...
// Warning: (RTL9.17) Cell doesn't have any output pins or all output pins are undriven (blackboxed) (occurrence:1)
// Note: (RTL9.26) Liberty pin with internal_node use default input_map (occurrence:16)
// Note: Read Liberty library successfully
0
CPU time     : 0.93    seconds
Elapse time  : 77      seconds
Memory usage : 86.79   M bytes
// Command: read_design /data/cc03group4/vlsi/Assignment/synthesis/Genus_BoundFlasher/RTL/risc_cpu.v \
//              -verilog -golden
// Parsing file /data/cc03group4/vlsi/Assignment/synthesis/Genus_BoundFlasher/RTL/risc_cpu.v ...
// Golden root module is set to 'risc_cpu'
// Warning: (RTL1.1) Variable/signal is assigned by more than one concurrent statement (occurrence:2)
// Warning: (RTL1.5b) Potential loss of RHS msb or carry-out bit (occurrence:5)
// Note: (RTL1.9h) Parameter declaration with no type or range specification (occurrence:1)
// Note: (RTL5.5a) Default case item with non-X assignment(s) (occurrence:3)
// Note: (RTL5.7) Default case item with inconsistent assignment(s). (occurrence:1)
// Warning: (DIR6.1) Ignored compiler directive is detected (occurrence:1)
// Warning: (HRC3.10a) An input port is declared, but it is not completely used in the module (occurrence:3)
// Warning: (HRC4) Multiple root modules/entities found (occurrence:1)
// Note: Read VERILOG design successfully
0
CPU time     : 1.07    seconds
Elapse time  : 88      seconds
Memory usage : 96.99   M bytes
// Command: read_design /data/cc03group4/vlsi/Assignment/synthesis/Genus_BoundFlasher/code/output/synthesis_net.v -verilog -revised
// Parsing file /data/cc03group4/vlsi/Assignment/synthesis/Genus_BoundFlasher/code/output/synthesis_net.v ...
// Revised root module is set to 'risc_cpu'
// Warning: (RTL1.1) Variable/signal is assigned by more than one concurrent statement (occurrence:8)
// Note: Read VERILOG design successfully
0
CPU time     : 1.20    seconds
Elapse time  : 100     seconds
Memory usage : 100.49  M bytes
// Command: set_mapping_method -name only
0
// Command: set_system_mode lec
// Processing Golden ...
// Modeling Golden ...
// (F1) Created 8 wire resolution gate(s) due to multiple-driven net(s)
// Processing Revised ...
// Modeling Revised ...
// (F1) Created 8 wire resolution gate(s) due to multiple-driven net(s)
// (F28) Converted 16 internal output port(s) to inout port(s)
CPU time     : 1.54    seconds
Elapse time  : 112     seconds
Memory usage : 121.50  M bytes
// Mapping key points ...
================================================================================
Mapped points: SYSTEM class
--------------------------------------------------------------------------------
Mapped points     PI     PO     DFF    Z         Total   
--------------------------------------------------------------------------------
Golden            2      1      280    8         291     
--------------------------------------------------------------------------------
Revised           2      1      280    8         291     
================================================================================
0
// Command: map_key_points
// Mapping key points ...
================================================================================
Mapped points: SYSTEM class
--------------------------------------------------------------------------------
Mapped points     PI     PO     DFF    Z         Total   
--------------------------------------------------------------------------------
Golden            2      1      280    8         291     
--------------------------------------------------------------------------------
Revised           2      1      280    8         291     
================================================================================
0
// Command: add_compared_points -all
// 281 compared points added to compare list
0
// Command: compare
================================================================================
Compared points      PO     DFF       Total   
--------------------------------------------------------------------------------
Equivalent           1      280       281     
================================================================================
0
CPU time     : 2.28    seconds
Elapse time  : 114     seconds
Memory usage : 129.82  M bytes
// Command: exit
